Matrix size = 2048 | Library = MMM
Matrix size = 2048 | Library = YYY
Matrix size = 2048 | Library = CCC
Matrix size = 2048 | Library = XXX
Matrix size = 2048 | Library = NNN
Matrix size = 2048 | Library = WWW
Matrix size = 2048 | Library = SSS
-----------
Matrix size = 4096 | Library = MMM
Matrix size = 4096 | Library = YYY
Matrix size = 4096 | Library = CCC
Matrix size = 4096 | Library = XXX
Matrix size = 4096 | Library = NNN
Matrix size = 4096 | Library = WWW
Matrix size = 4096 | Library = SSS
-----------
Matrix size = 8192 | Library = MMM
Matrix size = 8192 | Library = YYY
Matrix size = 8192 | Library = CCC
Matrix size = 8192 | Library = XXX
Matrix size = 8192 | Library = NNN
Matrix size = 8192 | Library = WWW
Matrix size = 8192 | Library = SSS
-----------
Matrix size = 16384 | Library = MMM
Matrix size = 16384 | Library = YYY
Matrix size = 16384 | Library = CCC
Matrix size = 16384 | Library = XXX
Matrix size = 16384 | Library = NNN
Matrix size = 16384 | Library = WWW
Matrix size = 16384 | Library = SSS
-----------
Matrix size = 32768 | Library = MMM
Matrix size = 32768 | Library = YYY
Matrix size = 32768 | Library = CCC
Matrix size = 32768 | Library = XXX
Matrix size = 32768 | Library = NNN
Matrix size = 32768 | Library = WWW
Matrix size = 32768 | Library = SSS
-----------

Execution Time (seconds)

    N         MPI-SYNC     MPI-CHUNKED-ASYNC   CUDA-Aware-SYNC   CUDA-Aware-ASYNC     NCCL-ASYNC     NVSHMEM-SYNC   NVSHMEM-ASYNC  
   2048        0.046             0.072              0.030              0.029            0.021           0.018           0.020      
   4096        0.178             0.190              0.095              0.091            0.106           0.094           0.080      
   8192        0.799             0.571              0.414              0.402            0.405           0.399           0.395      
  16384        3.837             2.533              2.241              2.259            2.245           2.248           2.206      
  32768        20.465            14.296             14.002            13.992            14.225          14.018          13.910     

Speedup relative to MPI-SYNC (MMM)

    N         MPI-SYNC     MPI-CHUNKED-ASYNC   CUDA-Aware-SYNC   CUDA-Aware-ASYNC     NCCL-ASYNC     NVSHMEM-SYNC   NVSHMEM-ASYNC  
   2048        1.000             0.635              1.536              1.600            2.199           2.517           2.248      
   4096        1.000             0.936              1.874              1.949            1.677           1.895           2.216      
   8192        1.000             1.401              1.930              1.988            1.974           2.004           2.022      
  16384        1.000             1.515              1.712              1.699            1.709           1.707           1.739      
  32768        1.000             1.432              1.462              1.463            1.439           1.460           1.471      

MPI-CHUNKED-ASYNC improvement over MPI-SYNC

    N          MPI-SYNC      MPI-CHUNKED-ASYNC    Speedup     Improvement  
   2048         0.046              0.072           0.635        -57.41%    
   4096         0.178              0.190           0.936        -6.83%     
   8192         0.799              0.571           1.401        28.62%     
  16384         3.837              2.533           1.515        33.98%     
  32768         20.465             14.296          1.432        30.15%     

CUDA-Aware-ASYNC improvement over CUDA-Aware-SYNC

    N      CUDA-Aware-SYNC   CUDA-Aware-ASYNC    Speedup     Improvement  
   2048         0.030              0.029          1.041         3.97%     
   4096         0.095              0.091          1.040         3.83%     
   8192         0.414              0.402          1.030         2.91%     
  16384         2.241              2.259          0.992        -0.77%     
  32768         14.002            13.992          1.001         0.07%     

NVSHMEM-SYNC comparison with MPI-SYNC

    N          MPI-SYNC        NVSHMEM-SYNC     Speedup     Improvement  
   2048         0.046             0.018          2.517        60.27%     
   4096         0.178             0.094          1.895        47.23%     
   8192         0.799             0.399          2.004        50.11%     
  16384         3.837             2.248          1.707        41.42%     
  32768         20.465            14.018         1.460        31.50%     

NVSHMEM-ASYNC improvement over NVSHMEM-SYNC

    N        NVSHMEM-SYNC     NVSHMEM-ASYNC     Speedup     Improvement  
   2048         0.018             0.020          0.893        -11.96%    
   4096         0.094             0.080          1.169        14.48%     
   8192         0.399             0.395          1.009         0.87%     
  16384         2.248             2.206          1.019         1.83%     
  32768         14.018            13.910         1.008         0.77%     

Generated files:
  execution_time.png
  speedup.png
